// Jest Snapshot v1, https://goo.gl/fbAQLP

exports[`Enabled Repositories Component should render 1`] = `
<ListViewItem
  actions={
    <EnabledRepositoryContent
      disableRepository={[Function]}
      disableTooltipId="disable-1"
      loading={false}
    />
  }
  additionalInfo={null}
  checkboxInput={null}
  compoundExpand={false}
  compoundExpanded={false}
  description="some label"
  heading="foo "
  hideCloseIcon={false}
  initExpanded={false}
  key="1"
  leftContent={
    <RepositoryTypeIcon
      id={1}
      type="foo"
    />
  }
  onCloseCompoundExpand={[Function]}
  onExpand={[Function]}
  onExpandClose={[Function]}
  stacked={true}
/>
`;
