// Jest Snapshot v1, https://goo.gl/fbAQLP

exports[`Nav component renders the navigation 1`] = `
<Component>
  <h1>
    Repos Page
  </h1>
</Component>
`;
