// Jest Snapshot v1, https://goo.gl/fbAQLP

exports[`Subscription helper should filter redhat subscriptions 1`] = `
Array [
  Object {
    "available": 0,
    "key": "sub-1",
  },
  Object {
    "available": 4,
    "key": "sub-2",
  },
  Object {
    "available": 100,
    "key": "sub-4",
  },
]
`;
