// Jest Snapshot v1, https://goo.gl/fbAQLP

exports[`Force renders 1`] = `
<FormGroup
  fieldId="reg_katello_force"
>
  <Checkbox
    className=""
    id="reg_katello_force"
    isChecked={false}
    isDisabled={false}
    isLabelWrapped={false}
    isRequired={false}
    isValid={true}
    label={
      <span>
        Force
         
        <LabelIcon
          text="Remove any \`katello-ca-consumer\` rpms before registration and run subscription-manager with \`--force\` argument."
        />
      </span>
    }
    onChange={[Function]}
    ouiaId="reg-katello-force"
    ouiaSafe={true}
  />
</FormGroup>
`;
