// Jest Snapshot v1, https://goo.gl/fbAQLP

exports[`Enabled Repositories Content Component should render 1`] = `
<Spinner
  className=""
  inline={true}
  inverse={false}
  loading={true}
  size="md"
>
  <OverlayTrigger
    defaultOverlayShown={false}
    overlay={
      <Tooltip
        bsClass="tooltip"
        id="disable-1"
        placement="right"
      >
        Disable
      </Tooltip>
    }
    placement="bottom"
    rootClose={false}
    trigger={
      Array [
        "hover",
        "focus",
      ]
    }
  >
    <button
      onClick={[MockFunction]}
      style={
        Object {
          "backgroundColor": "initial",
          "border": "none",
          "color": "#0388ce",
        }
      }
    >
      <i
        className="fa-2x fa fa-minus-circle"
      />
    </button>
  </OverlayTrigger>
</Spinner>
`;
