// Jest Snapshot v1, https://goo.gl/fbAQLP

exports[`RecommendedRepositorySetsToggler rendering renders recommended-repository-sets-toggler 1`] = `
<div
  className="recommended-repositories-toggler-container some-class-name"
>
  <Switch
    animate={true}
    baseClass="bootstrap-switch"
    bsSize="mini"
    defaultValue={true}
    disabled={false}
    handleWidth="auto"
    inverse={false}
    labelText=" "
    labelWidth="auto"
    offColor="default"
    offText="OFF"
    onChange={[Function]}
    onColor="primary"
    onText="ON"
    readonly={false}
    tristate={false}
    value={true}
    wrapperClass="wrapper"
  />
  <Icon
    name="star"
    type="fa"
  />
  some-children
  <FieldLevelHelp
    close="true"
    content="some-help"
  />
</div>
`;
