// Jest Snapshot v1, https://goo.gl/fbAQLP

exports[`RepositorySetRepositories Component should render loading 1`] = `
<Spinner
  className=""
  inline={false}
  inverse={false}
  loading={true}
  size="md"
>
  <div>
    No repositories available.
  </div>
</Spinner>
`;

exports[`RepositorySetRepositories Component should render with error 1`] = `
<Alert
  className=""
  onDismiss={null}
  type="danger"
>
  <span>
    some error
  </span>
</Alert>
`;

exports[`RepositorySetRepositories Component should render with sorted repos 1`] = `
<Spinner
  className=""
  inline={false}
  inverse={false}
  loading={false}
  size="md"
>
  <Connect(RepositorySetRepository)
    arch="x86_64"
    key="x86_647Server"
    releasever="7Server"
    type=""
  />
  <Connect(RepositorySetRepository)
    arch="i386"
    key="i3865Workstation"
    releasever="5Workstation"
    type=""
  />
  <Connect(RepositorySetRepository)
    arch="x86_64"
    key="x86_647.11"
    releasever="7.11"
    type=""
  />
  <Connect(RepositorySetRepository)
    arch="x86_64"
    key="x86_647.10"
    releasever="7.10"
    type=""
  />
  <Connect(RepositorySetRepository)
    arch="x86_64"
    key="x86_647.1"
    releasever="7.1"
    type=""
  />
  <Connect(RepositorySetRepository)
    arch="x86_64"
    key="x86_645.11"
    releasever="5.11"
    type=""
  />
  <Connect(RepositorySetRepository)
    arch="i386"
    key="i3865.11"
    releasever="5.11"
    type=""
  />
</Spinner>
`;
