// Jest Snapshot v1, https://goo.gl/fbAQLP

exports[`subscription detail enabled products page renders correctly 1`] = `
<div
  className="list-group list-view-pf list-view-pf-view"
>
  <div
    className="list-group-item"
  >
    <div
      className="list-group-item-header"
      onClick={[Function]}
    >
      <div
        className="list-view-pf-expand"
        onClick={[Function]}
      >
        <span
          className="fa fa-angle-right"
        />
      </div>
      <div
        className="list-view-pf-main-info"
      >
        <div
          className="list-view-pf-body"
        >
          <div
            className="list-view-pf-description"
          >
            <div
              className="list-group-item-heading"
            >
              Red Hat Enterprise Linux Server
            </div>
          </div>
        </div>
      </div>
    </div>
    <div
      className="list-group-item-container container-fluid hidden"
    />
  </div>
</div>
`;
