// Jest Snapshot v1, https://goo.gl/fbAQLP

exports[`subscriptions detail associations page renders correctly 1`] = `
<div>
  <h2>
    Subscription Info
  </h2>
  <table
    className="table"
  >
    <tbody>
      <tr>
        <td>
          <b>
            Name
          </b>
        </td>
        <td>
          OpenShift Employee Subscription
        </td>
      </tr>
      <tr>
        <td>
          <b>
            Description
          </b>
        </td>
        <td>
          OpenShift Enterprise
        </td>
      </tr>
      <tr>
        <td>
          <b>
            Requires Virt-Who
          </b>
        </td>
        <td>
          false
        </td>
      </tr>
      <tr>
        <td>
          <b>
            Consumed
          </b>
        </td>
        <td>
          0
        </td>
      </tr>
      <tr>
        <td>
          <b>
            Starts
          </b>
        </td>
        <td>
          2013-03-01 00:00:00 -0500
        </td>
      </tr>
      <tr>
        <td>
          <b>
            Ends
          </b>
        </td>
        <td>
          2021-12-31 23:59:59 -0500
        </td>
      </tr>
      <tr>
        <td>
          <b>
            Product ID
          </b>
        </td>
        <td>
          SER0421
        </td>
      </tr>
      <tr>
        <td>
          <b>
            Contract Number
          </b>
        </td>
        <td>
          10126160
        </td>
      </tr>
      <tr>
        <td>
          <b>
            Account Number
          </b>
        </td>
        <td>
          1212729
        </td>
      </tr>
      <tr>
        <td>
          <b>
            Support Level
          </b>
        </td>
        <td>
          Self-Support
        </td>
      </tr>
      <tr>
        <td>
          <b>
            Support Type
          </b>
        </td>
        <td>
          L1-L3
        </td>
      </tr>
      <tr>
        <td>
          <b>
            Architecture(s)
          </b>
        </td>
        <td>
          ia64,ppc,ppc64,ppc64le,s390,s390x,x86,x86_64
        </td>
      </tr>
      <tr>
        <td>
          <b>
            Type
          </b>
        </td>
        <td>
          NORMAL
        </td>
      </tr>
      <tr>
        <td>
          <b>
            Multi-entitlement
          </b>
        </td>
        <td>
          
        </td>
      </tr>
      <tr>
        <td>
          <b>
            Stacking ID
          </b>
        </td>
        <td>
          SER0421
        </td>
      </tr>
      <tr>
        <td>
          <b>
            Limits
          </b>
        </td>
        <td>
          Cores: 4
        </td>
      </tr>
      <tr>
        <td>
          <b>
            Instance-based
          </b>
        </td>
        <td>
          Yes
        </td>
      </tr>
    </tbody>
  </table>
</div>
`;
