// Jest Snapshot v1, https://goo.gl/fbAQLP

exports[`TableSelectionCell renders TableSelectionCell 1`] = `
<TableSelectionCell
  className=""
>
  some before
  <TableCheckbox
    checked={true}
    id="some id"
    label="some label"
    onChange={[Function]}
  />
  some after
</TableSelectionCell>
`;
