// Jest Snapshot v1, https://goo.gl/fbAQLP

exports[`Content Details Info should render and contain appropriate components 1`] = `
<div>
  <LoadingState
    loading={true}
    loadingText="Loading"
    timeout={300}
  >
    <ForwardRef
      defaultActiveKey={1}
      id="content-tabs-container"
    >
      <Grid
        bsClass="container-fluid"
        componentClass="div"
        fluid={false}
      >
        <Row
          bsClass="row"
          componentClass="div"
        >
          <Col
            bsClass="col"
            componentClass="div"
            sm={12}
          >
            <Nav
              bsClass="nav nav-tabs"
              id="content-nav-container"
              justified={false}
              pullLeft={false}
              pullRight={false}
              stacked={false}
            >
              <NavItem
                active={false}
                disabled={false}
                eventKey={1}
                key="1"
              >
                <div>
                  Details
                </div>
              </NavItem>
              <NavItem
                active={false}
                disabled={false}
                eventKey={2}
                key="2"
              >
                <div>
                  Repositories
                </div>
              </NavItem>
            </Nav>
          </Col>
        </Row>
        <TabContent
          animation={false}
          bsClass="tab"
          componentClass="div"
          mountOnEnter={false}
          unmountOnExit={false}
        >
          <TabPane
            bsClass="tab-pane"
            eventKey={1}
            key="1"
          >
            <Row
              bsClass="row"
              componentClass="div"
            >
              <Col
                bsClass="col"
                componentClass="div"
                sm={12}
              >
                <ContentDetailInfo
                  contentDetails={
                    Object {
                      "dummy_details_field": "dummy details",
                      "dummy_name": "dummy name",
                    }
                  }
                  displayMap={
                    Array [
                      Array [
                        "dummy_name",
                        "Name",
                      ],
                      Array [
                        "dummy_details_field",
                        "Details Field",
                      ],
                    ]
                  }
                />
              </Col>
            </Row>
          </TabPane>
          <TabPane
            bsClass="tab-pane"
            eventKey={2}
            key="2"
          >
            <Row
              bsClass="row"
              componentClass="div"
            >
              <Col
                bsClass="col"
                componentClass="div"
                sm={12}
              >
                <ContentDetailRepositories
                  repositories={
                    Array [
                      Object {
                        "id": 155,
                        "name": "dummy_name",
                        "product_id": 1,
                        "product_name": "dummy_product",
                      },
                    ]
                  }
                />
              </Col>
            </Row>
          </TabPane>
        </TabContent>
      </Grid>
    </ForwardRef>
  </LoadingState>
</div>
`;
