// Jest Snapshot v1, https://goo.gl/fbAQLP

exports[`Module streams page should render and contain appropiate components 1`] = `
<Grid
  bsClass="container-fluid"
  componentClass="div"
  fluid={false}
>
  <Row
    bsClass="row"
    componentClass="div"
  >
    <Col
      bsClass="col"
      componentClass="div"
      sm={12}
    >
      <h1>
        Module Streams
      </h1>
    </Col>
  </Row>
  <Row
    bsClass="row"
    componentClass="div"
  >
    <Col
      bsClass="col"
      componentClass="div"
      sm={6}
    >
      <Form
        bsClass="form"
        className="toolbar-pf-actions"
        componentClass="form"
        horizontal={false}
        inline={false}
      >
        <FormGroup
          bsClass="form-group"
          className="toolbar-pf toolbar-pf-filter"
        >
          <Search
            getAutoCompleteParams={[Function]}
            initialInputValue=""
            onSearch={[Function]}
            updateSearchQuery={[Function]}
          />
        </FormGroup>
      </Form>
    </Col>
  </Row>
  <Row
    bsClass="row"
    componentClass="div"
  >
    <Col
      bsClass="col"
      componentClass="div"
      sm={12}
    >
      <ModuleStreamsTable
        moduleStreams={Object {}}
        onPaginationChange={[Function]}
      />
    </Col>
  </Row>
</Grid>
`;
